// Jest Snapshot v1, https://goo.gl/fbAQLP

exports[`Puebas en <GifsItem/> debe hacer match con el snapshot 1`] = `
<div>
  <div
    class="card"
  >
    <img
      alt="asd"
      src="http://"
    />
    <p>
      asd
    </p>
  </div>
</div>
`;
